Microsoft (R) Macro Assembler Version 11.00.50727.1	    09/15/16 02:21:22
main.asm						     Page 1 - 1


				; Michael Dorst
				; CISP 310
				; Lab 3
				; Programming Exercise 3.2 #1

				; preprocessor directives
				.586
				.MODEL FLAT

				; external files to link with

				; stack configuration
				.STACK 4096

				; named memory allocation and initialization
 00000000			.DATA
 00000000 FFFFFF03		number	DWORD	-253
 00000004 00000000		sum		DWORD	?

				; procedure code
 00000000			.CODE
 00000000			main	PROC
 00000000  A1 00000000 R		mov eax, number		; set eax to number (-253)
 00000005  83 C0 4A			add eax, 74			; add 74 to eax, store result in eax
 00000008  A3 00000004 R		mov sum, eax		; send results of addition to sum

 0000000D  B8 00000000			mov eax, 0			; exit with return 0
 00000012  C3				ret
 00000013			main	ENDP

				END
Microsoft (R) Macro Assembler Version 11.00.50727.1	    09/15/16 02:21:22
main.asm						     Symbols 2 - 1




Segments and Groups:

                N a m e                 Size     Length   Align   Combine Class

FLAT . . . . . . . . . . . . . .	GROUP
STACK  . . . . . . . . . . . . .	32 Bit	 00001000 Para	  Stack	  'STACK'	 
_DATA  . . . . . . . . . . . . .	32 Bit	 00000008 Para	  Public  'DATA'	
_TEXT  . . . . . . . . . . . . .	32 Bit	 00000013 Para	  Public  'CODE'	


Procedures, parameters, and locals:

                N a m e                 Type     Value    Attr

main . . . . . . . . . . . . . .	P Near	 00000000 _TEXT	Length= 00000013 Public


Symbols:

                N a m e                 Type     Value    Attr

@CodeSize  . . . . . . . . . . .	Number	 00000000h   
@DataSize  . . . . . . . . . . .	Number	 00000000h   
@Interface . . . . . . . . . . .	Number	 00000000h   
@Model . . . . . . . . . . . . .	Number	 00000007h   
@code  . . . . . . . . . . . . .	Text   	 _TEXT
@data  . . . . . . . . . . . . .	Text   	 FLAT
@fardata?  . . . . . . . . . . .	Text   	 FLAT
@fardata . . . . . . . . . . . .	Text   	 FLAT
@stack . . . . . . . . . . . . .	Text   	 FLAT
number . . . . . . . . . . . . .	DWord	 00000000 _DATA	
sum  . . . . . . . . . . . . . .	DWord	 00000004 _DATA	

	   0 Warnings
	   0 Errors
